rushabhvg@rushabhvg-laptop:~/Desktop/nuttx$ cd nuttx/
rushabhvg@rushabhvg-laptop:~/Desktop/nuttx/nuttx$ tools/configure.sh ox64:nsh
No configuration change.
rushabhvg@rushabhvg-laptop:~/Desktop/nuttx/nuttx$ make menuconfig
CP: arch/dummy/Kconfig to /home/rushabhvg/Desktop/nuttx/nuttx/arch/dummy/dummy_kconfig
CP: boards/dummy/Kconfig to /home/rushabhvg/Desktop/nuttx/nuttx/boards/dummy/dummy_kconfig
LN: platform/board to /home/rushabhvg/Desktop/nuttx/apps/platform/dummy
LN: include/arch to arch/risc-v/include
LN: include/arch/board to /home/rushabhvg/Desktop/nuttx/nuttx/boards/risc-v/bl808/ox64/include
LN: drivers/platform to /home/rushabhvg/Desktop/nuttx/nuttx/drivers/dummy
LN: include/arch/chip to /home/rushabhvg/Desktop/nuttx/nuttx/arch/risc-v/include/bl808
LN: arch/risc-v/src/chip to /home/rushabhvg/Desktop/nuttx/nuttx/arch/risc-v/src/bl808
LN: arch/risc-v/src/board to /home/rushabhvg/Desktop/nuttx/nuttx/boards/risc-v/bl808/ox64/src


*** End of the configuration.
*** Execute 'make' to start the build or try 'make help'.

rushabhvg@rushabhvg-laptop:~/Desktop/nuttx/nuttx$ rustup target add riscv64gc-unknown-none-elf
info: component 'rust-std' for target 'riscv64gc-unknown-none-elf' is up to date
rushabhvg@rushabhvg-laptop:~/Desktop/nuttx/nuttx$ make
Create version.h
LN: platform/board to /home/rushabhvg/Desktop/nuttx/apps/platform/dummy
Register: hello
Register: hello_rust
Register: leds
Register: init
Register: sh
Register: getprime
Register: ostest
CC:  chip/bl808_gpio.c chip/bl808_gpio.c: In function 'bl808_gpiowrite':
chip/bl808_gpio.c:120:7: warning: implicit declaration of function 'up_putc' [-Wimplicit-function-declaration]
  120 |       up_putc('\n'); _info("regaddr=%p, set=0x%x\n", regaddr, (1 << reg_gpio_xx_o));////
      |       ^~~~~~~
CC:  bl808_appinit.c bl808_appinit.c: In function 'board_late_initialize':
bl808_appinit.c:174:13: warning: implicit declaration of function 'userled_lower_initialize'; did you mean 'board_late_initialize'? [-Wimplicit-function-declaration]
  174 |   int ret = userled_lower_initialize("/dev/userleds");
      |             ^~~~~~~~~~~~~~~~~~~~~~~~
      |             board_late_initialize
LD: nuttx
CP: nuttx.hex
rushabhvg@rushabhvg-laptop:~/Desktop/nuttx/nuttx$ riscv-none-elf-objcopy \
  -O binary \
  nuttx \
  nuttx.bin
rushabhvg@rushabhvg-laptop:~/Desktop/nuttx/nuttx$ riscv-none-elf-objdump \
  --syms --source --reloc --demangle --line-numbers --wide \
  --debugging \
  nuttx \
  >nuttx.S \
  2>&1
rushabhvg@rushabhvg-laptop:~/Desktop/nuttx/nuttx$ make -j 8 export
rushabhvg@rushabhvg-laptop:~/Desktop/nuttx/nuttx$ pushd ../apps
~/Desktop/nuttx/apps ~/Desktop/nuttx/nuttx
rushabhvg@rushabhvg-laptop:~/Desktop/nuttx/apps$ ./tools/mkimport.sh -z -x ../nuttx/nuttx-export-*.tar.gz
rushabhvg@rushabhvg-laptop:~/Desktop/nuttx/apps$ rustup target add riscv64gc-unknown-none-elf
info: component 'rust-std' for target 'riscv64gc-unknown-none-elf' is up to date
rushabhvg@rushabhvg-laptop:~/Desktop/nuttx/apps$ pushd ../apps/examples/hello_rust 
~/Desktop/nuttx/apps/examples/hello_rust ~/Desktop/nuttx/apps ~/Desktop/nuttx/nuttx
rushabhvg@rushabhvg-laptop:~/Desktop/nuttx/apps/examples/hello_rust$ hello=$(basename ../hello/*hello.o)
rushabhvg@rushabhvg-laptop:~/Desktop/nuttx/apps/examples/hello_rust$  hello_rust=`
  echo $hello \
  | sed "s/hello_main.c/hello_rust_main.rs/" \
  | sed "s/hello.o/hello_rust.o/"
  `
rushabhvg@rushabhvg-laptop:~/Desktop/nuttx/apps/examples/hello_rust$ rustc \
  --target riscv64gc-unknown-none-elf \
  --edition 2021 \
  --emit obj \
  -g \
  -C panic=abort \
  -O \
  hello_rust_main.rs \
  -o $hello_rust
rushabhvg@rushabhvg-laptop:~/Desktop/nuttx/apps/examples/hello_rust$ popd
~/Desktop/nuttx/apps ~/Desktop/nuttx/nuttx
rushabhvg@rushabhvg-laptop:~/Desktop/nuttx/apps$ make import
cc  -O2 -Wall -Wstrict-prototypes -Wshadow -DHAVE_STRTOK_C=1 /home/rushabhvg/Desktop/nuttx/apps/import/tools/mkdeps.c -o /home/rushabhvg/Desktop/nuttx/apps/import/tools/mkdeps
cc  -O2 -Wall -Wstrict-prototypes -Wshadow -DHAVE_STRTOK_C=1 /home/rushabhvg/Desktop/nuttx/apps/import/tools/incdir.c -o "/home/rushabhvg/Desktop/nuttx/apps/import/tools/incdir"
make[1]: Entering directory '/home/rushabhvg/Desktop/nuttx/apps'
make[2]: Entering directory '/home/rushabhvg/Desktop/nuttx/apps'
make[3]: Entering directory '/home/rushabhvg/Desktop/nuttx/apps/examples/hello'
make[3]: Leaving directory '/home/rushabhvg/Desktop/nuttx/apps/examples/hello'
make[3]: Entering directory '/home/rushabhvg/Desktop/nuttx/apps/examples/hello_rust'
make[3]: Leaving directory '/home/rushabhvg/Desktop/nuttx/apps/examples/hello_rust'
make[3]: Entering directory '/home/rushabhvg/Desktop/nuttx/apps/examples/leds'
make[3]: Leaving directory '/home/rushabhvg/Desktop/nuttx/apps/examples/leds'
make[3]: Entering directory '/home/rushabhvg/Desktop/nuttx/apps/nshlib'
make[3]: Leaving directory '/home/rushabhvg/Desktop/nuttx/apps/nshlib'
make[3]: Entering directory '/home/rushabhvg/Desktop/nuttx/apps/platform'
LN: platform/board to /home/rushabhvg/Desktop/nuttx/apps/platform/dummy
make[3]: Leaving directory '/home/rushabhvg/Desktop/nuttx/apps/platform'
make[3]: Entering directory '/home/rushabhvg/Desktop/nuttx/apps/system/nsh'
make[3]: Leaving directory '/home/rushabhvg/Desktop/nuttx/apps/system/nsh'
make[3]: Entering directory '/home/rushabhvg/Desktop/nuttx/apps/system/readline'
make[3]: Leaving directory '/home/rushabhvg/Desktop/nuttx/apps/system/readline'
make[3]: Entering directory '/home/rushabhvg/Desktop/nuttx/apps/testing/getprime'
make[3]: Leaving directory '/home/rushabhvg/Desktop/nuttx/apps/testing/getprime'
make[3]: Entering directory '/home/rushabhvg/Desktop/nuttx/apps/testing/ostest'
make[3]: Leaving directory '/home/rushabhvg/Desktop/nuttx/apps/testing/ostest'
make[2]: Leaving directory '/home/rushabhvg/Desktop/nuttx/apps'
make[2]: Entering directory '/home/rushabhvg/Desktop/nuttx/apps'
make[3]: Entering directory '/home/rushabhvg/Desktop/nuttx/apps/examples/hello'
make[3]: Leaving directory '/home/rushabhvg/Desktop/nuttx/apps/examples/hello'
make[3]: Entering directory '/home/rushabhvg/Desktop/nuttx/apps/examples/hello_rust'
make[3]: Leaving directory '/home/rushabhvg/Desktop/nuttx/apps/examples/hello_rust'
make[3]: Entering directory '/home/rushabhvg/Desktop/nuttx/apps/examples/leds'
make[3]: Leaving directory '/home/rushabhvg/Desktop/nuttx/apps/examples/leds'
make[3]: Entering directory '/home/rushabhvg/Desktop/nuttx/apps/nshlib'
make[3]: Leaving directory '/home/rushabhvg/Desktop/nuttx/apps/nshlib'
make[3]: Entering directory '/home/rushabhvg/Desktop/nuttx/apps/platform'
make[3]: Leaving directory '/home/rushabhvg/Desktop/nuttx/apps/platform'
make[3]: Entering directory '/home/rushabhvg/Desktop/nuttx/apps/system/nsh'
make[3]: Leaving directory '/home/rushabhvg/Desktop/nuttx/apps/system/nsh'
make[3]: Entering directory '/home/rushabhvg/Desktop/nuttx/apps/system/readline'
make[3]: Leaving directory '/home/rushabhvg/Desktop/nuttx/apps/system/readline'
make[3]: Entering directory '/home/rushabhvg/Desktop/nuttx/apps/testing/getprime'
make[3]: Leaving directory '/home/rushabhvg/Desktop/nuttx/apps/testing/getprime'
make[3]: Entering directory '/home/rushabhvg/Desktop/nuttx/apps/testing/ostest'
make[3]: Leaving directory '/home/rushabhvg/Desktop/nuttx/apps/testing/ostest'
make[2]: Leaving directory '/home/rushabhvg/Desktop/nuttx/apps'
make[2]: Entering directory '/home/rushabhvg/Desktop/nuttx/apps'
make[2]: Nothing to be done for 'context_wasm'.
make[2]: Leaving directory '/home/rushabhvg/Desktop/nuttx/apps'
make[1]: Leaving directory '/home/rushabhvg/Desktop/nuttx/apps'
make[1]: Entering directory '/home/rushabhvg/Desktop/nuttx/apps'
make[1]: Nothing to be done for 'register'.
make[1]: Leaving directory '/home/rushabhvg/Desktop/nuttx/apps'
make[1]: Entering directory '/home/rushabhvg/Desktop/nuttx/apps'
make[2]: Entering directory '/home/rushabhvg/Desktop/nuttx/apps/examples/hello'
make[2]: Leaving directory '/home/rushabhvg/Desktop/nuttx/apps/examples/hello'
make[2]: Entering directory '/home/rushabhvg/Desktop/nuttx/apps/examples/hello_rust'
make[2]: Leaving directory '/home/rushabhvg/Desktop/nuttx/apps/examples/hello_rust'
make[2]: Entering directory '/home/rushabhvg/Desktop/nuttx/apps/examples/leds'
make[2]: Leaving directory '/home/rushabhvg/Desktop/nuttx/apps/examples/leds'
make[2]: Entering directory '/home/rushabhvg/Desktop/nuttx/apps/nshlib'
make[2]: Leaving directory '/home/rushabhvg/Desktop/nuttx/apps/nshlib'
make[2]: Entering directory '/home/rushabhvg/Desktop/nuttx/apps/platform'
make[2]: Leaving directory '/home/rushabhvg/Desktop/nuttx/apps/platform'
make[2]: Entering directory '/home/rushabhvg/Desktop/nuttx/apps/system/nsh'
make[2]: Leaving directory '/home/rushabhvg/Desktop/nuttx/apps/system/nsh'
make[2]: Entering directory '/home/rushabhvg/Desktop/nuttx/apps/system/readline'
make[2]: Leaving directory '/home/rushabhvg/Desktop/nuttx/apps/system/readline'
make[2]: Entering directory '/home/rushabhvg/Desktop/nuttx/apps/testing/getprime'
make[2]: Leaving directory '/home/rushabhvg/Desktop/nuttx/apps/testing/getprime'
make[2]: Entering directory '/home/rushabhvg/Desktop/nuttx/apps/testing/ostest'
make[2]: Leaving directory '/home/rushabhvg/Desktop/nuttx/apps/testing/ostest'
make[1]: Leaving directory '/home/rushabhvg/Desktop/nuttx/apps'
make[1]: Entering directory '/home/rushabhvg/Desktop/nuttx/apps'
make[2]: Entering directory '/home/rushabhvg/Desktop/nuttx/apps/examples/hello'
make[2]: Leaving directory '/home/rushabhvg/Desktop/nuttx/apps/examples/hello'
make[2]: Entering directory '/home/rushabhvg/Desktop/nuttx/apps/examples/hello_rust'
make[2]: Leaving directory '/home/rushabhvg/Desktop/nuttx/apps/examples/hello_rust'
make[2]: Entering directory '/home/rushabhvg/Desktop/nuttx/apps/examples/leds'
make[2]: Leaving directory '/home/rushabhvg/Desktop/nuttx/apps/examples/leds'
make[2]: Entering directory '/home/rushabhvg/Desktop/nuttx/apps/nshlib'
cp nsh_alias.c.home.rushabhvg.Desktop.nuttx.apps.nshlib.o  nsh_alias.c.home.rushabhvg.Desktop.nuttx.apps.nshlib_1.o
cp nsh_command.c.home.rushabhvg.Desktop.nuttx.apps.nshlib.o  nsh_command.c.home.rushabhvg.Desktop.nuttx.apps.nshlib_1.o
cp nsh_console.c.home.rushabhvg.Desktop.nuttx.apps.nshlib.o  nsh_console.c.home.rushabhvg.Desktop.nuttx.apps.nshlib_1.o
cp nsh_consolemain.c.home.rushabhvg.Desktop.nuttx.apps.nshlib.o  nsh_consolemain.c.home.rushabhvg.Desktop.nuttx.apps.nshlib_1.o
cp nsh_dbgcmds.c.home.rushabhvg.Desktop.nuttx.apps.nshlib.o  nsh_dbgcmds.c.home.rushabhvg.Desktop.nuttx.apps.nshlib_1.o
cp nsh_ddcmd.c.home.rushabhvg.Desktop.nuttx.apps.nshlib.o  nsh_ddcmd.c.home.rushabhvg.Desktop.nuttx.apps.nshlib_1.o
cp nsh_envcmds.c.home.rushabhvg.Desktop.nuttx.apps.nshlib.o  nsh_envcmds.c.home.rushabhvg.Desktop.nuttx.apps.nshlib_1.o
cp nsh_fileapps.c.home.rushabhvg.Desktop.nuttx.apps.nshlib.o  nsh_fileapps.c.home.rushabhvg.Desktop.nuttx.apps.nshlib_1.o
cp nsh_fscmds.c.home.rushabhvg.Desktop.nuttx.apps.nshlib.o  nsh_fscmds.c.home.rushabhvg.Desktop.nuttx.apps.nshlib_1.o
cp nsh_fsutils.c.home.rushabhvg.Desktop.nuttx.apps.nshlib.o  nsh_fsutils.c.home.rushabhvg.Desktop.nuttx.apps.nshlib_1.o
cp nsh_init.c.home.rushabhvg.Desktop.nuttx.apps.nshlib.o  nsh_init.c.home.rushabhvg.Desktop.nuttx.apps.nshlib_1.o
cp nsh_mmcmds.c.home.rushabhvg.Desktop.nuttx.apps.nshlib.o  nsh_mmcmds.c.home.rushabhvg.Desktop.nuttx.apps.nshlib_1.o
cp nsh_mntcmds.c.home.rushabhvg.Desktop.nuttx.apps.nshlib.o  nsh_mntcmds.c.home.rushabhvg.Desktop.nuttx.apps.nshlib_1.o
cp nsh_parse.c.home.rushabhvg.Desktop.nuttx.apps.nshlib.o  nsh_parse.c.home.rushabhvg.Desktop.nuttx.apps.nshlib_1.o
cp nsh_printf.c.home.rushabhvg.Desktop.nuttx.apps.nshlib.o  nsh_printf.c.home.rushabhvg.Desktop.nuttx.apps.nshlib_1.o
cp nsh_proccmds.c.home.rushabhvg.Desktop.nuttx.apps.nshlib.o  nsh_proccmds.c.home.rushabhvg.Desktop.nuttx.apps.nshlib_1.o
cp nsh_prompt.c.home.rushabhvg.Desktop.nuttx.apps.nshlib.o  nsh_prompt.c.home.rushabhvg.Desktop.nuttx.apps.nshlib_1.o
cp nsh_script.c.home.rushabhvg.Desktop.nuttx.apps.nshlib.o  nsh_script.c.home.rushabhvg.Desktop.nuttx.apps.nshlib_1.o
cp nsh_session.c.home.rushabhvg.Desktop.nuttx.apps.nshlib.o  nsh_session.c.home.rushabhvg.Desktop.nuttx.apps.nshlib_1.o
cp nsh_syscmds.c.home.rushabhvg.Desktop.nuttx.apps.nshlib.o  nsh_syscmds.c.home.rushabhvg.Desktop.nuttx.apps.nshlib_1.o
cp nsh_system.c.home.rushabhvg.Desktop.nuttx.apps.nshlib.o  nsh_system.c.home.rushabhvg.Desktop.nuttx.apps.nshlib_1.o
cp nsh_test.c.home.rushabhvg.Desktop.nuttx.apps.nshlib.o  nsh_test.c.home.rushabhvg.Desktop.nuttx.apps.nshlib_1.o
cp nsh_timcmds.c.home.rushabhvg.Desktop.nuttx.apps.nshlib.o  nsh_timcmds.c.home.rushabhvg.Desktop.nuttx.apps.nshlib_1.o
make[2]: Leaving directory '/home/rushabhvg/Desktop/nuttx/apps/nshlib'
make[2]: Entering directory '/home/rushabhvg/Desktop/nuttx/apps/platform'
make[2]: Leaving directory '/home/rushabhvg/Desktop/nuttx/apps/platform'
make[2]: Entering directory '/home/rushabhvg/Desktop/nuttx/apps/system/nsh'
make[2]: Leaving directory '/home/rushabhvg/Desktop/nuttx/apps/system/nsh'
make[2]: Entering directory '/home/rushabhvg/Desktop/nuttx/apps/system/readline'
cp readline.c.home.rushabhvg.Desktop.nuttx.apps.system.readline.o  readline.c.home.rushabhvg.Desktop.nuttx.apps.system.readline_1.o
cp readline_common.c.home.rushabhvg.Desktop.nuttx.apps.system.readline.o  readline_common.c.home.rushabhvg.Desktop.nuttx.apps.system.readline_1.o
cp readline_fd.c.home.rushabhvg.Desktop.nuttx.apps.system.readline.o  readline_fd.c.home.rushabhvg.Desktop.nuttx.apps.system.readline_1.o
cp readline_stream.c.home.rushabhvg.Desktop.nuttx.apps.system.readline.o  readline_stream.c.home.rushabhvg.Desktop.nuttx.apps.system.readline_1.o
make[2]: Leaving directory '/home/rushabhvg/Desktop/nuttx/apps/system/readline'
make[2]: Entering directory '/home/rushabhvg/Desktop/nuttx/apps/testing/getprime'
make[2]: Leaving directory '/home/rushabhvg/Desktop/nuttx/apps/testing/getprime'
make[2]: Entering directory '/home/rushabhvg/Desktop/nuttx/apps/testing/ostest'
cp barrier.c.home.rushabhvg.Desktop.nuttx.apps.testing.ostest.o  barrier.c.home.rushabhvg.Desktop.nuttx.apps.testing.ostest_1.o
cp cancel.c.home.rushabhvg.Desktop.nuttx.apps.testing.ostest.o  cancel.c.home.rushabhvg.Desktop.nuttx.apps.testing.ostest_1.o
cp cond.c.home.rushabhvg.Desktop.nuttx.apps.testing.ostest.o  cond.c.home.rushabhvg.Desktop.nuttx.apps.testing.ostest_1.o
cp dev_null.c.home.rushabhvg.Desktop.nuttx.apps.testing.ostest.o  dev_null.c.home.rushabhvg.Desktop.nuttx.apps.testing.ostest_1.o
CC:  fpu.c fpu.c:55:8: warning: #warning "FPU test not built; Only available in the flat build (CONFIG_BUILD_FLAT)" [-Wcpp]
   55 | #      warning "FPU test not built; Only available in the flat build (CONFIG_BUILD_FLAT)"
      |        ^~~~~~~
cp fpu.c.home.rushabhvg.Desktop.nuttx.apps.testing.ostest.o  fpu.c.home.rushabhvg.Desktop.nuttx.apps.testing.ostest_1.o
cp getopt.c.home.rushabhvg.Desktop.nuttx.apps.testing.ostest.o  getopt.c.home.rushabhvg.Desktop.nuttx.apps.testing.ostest_1.o
cp libc_memmem.c.home.rushabhvg.Desktop.nuttx.apps.testing.ostest.o  libc_memmem.c.home.rushabhvg.Desktop.nuttx.apps.testing.ostest_1.o
cp mqueue.c.home.rushabhvg.Desktop.nuttx.apps.testing.ostest.o  mqueue.c.home.rushabhvg.Desktop.nuttx.apps.testing.ostest_1.o
cp mutex.c.home.rushabhvg.Desktop.nuttx.apps.testing.ostest.o  mutex.c.home.rushabhvg.Desktop.nuttx.apps.testing.ostest_1.o
cp posixtimer.c.home.rushabhvg.Desktop.nuttx.apps.testing.ostest.o  posixtimer.c.home.rushabhvg.Desktop.nuttx.apps.testing.ostest_1.o
cp pthread_exit.c.home.rushabhvg.Desktop.nuttx.apps.testing.ostest.o  pthread_exit.c.home.rushabhvg.Desktop.nuttx.apps.testing.ostest_1.o
cp pthread_rwlock.c.home.rushabhvg.Desktop.nuttx.apps.testing.ostest.o  pthread_rwlock.c.home.rushabhvg.Desktop.nuttx.apps.testing.ostest_1.o
cp pthread_rwlock_cancel.c.home.rushabhvg.Desktop.nuttx.apps.testing.ostest.o  pthread_rwlock_cancel.c.home.rushabhvg.Desktop.nuttx.apps.testing.ostest_1.o
cp restart.c.home.rushabhvg.Desktop.nuttx.apps.testing.ostest.o  restart.c.home.rushabhvg.Desktop.nuttx.apps.testing.ostest_1.o
cp robust.c.home.rushabhvg.Desktop.nuttx.apps.testing.ostest.o  robust.c.home.rushabhvg.Desktop.nuttx.apps.testing.ostest_1.o
cp roundrobin.c.home.rushabhvg.Desktop.nuttx.apps.testing.ostest.o  roundrobin.c.home.rushabhvg.Desktop.nuttx.apps.testing.ostest_1.o
cp schedlock.c.home.rushabhvg.Desktop.nuttx.apps.testing.ostest.o  schedlock.c.home.rushabhvg.Desktop.nuttx.apps.testing.ostest_1.o
cp sem.c.home.rushabhvg.Desktop.nuttx.apps.testing.ostest.o  sem.c.home.rushabhvg.Desktop.nuttx.apps.testing.ostest_1.o
cp semtimed.c.home.rushabhvg.Desktop.nuttx.apps.testing.ostest.o  semtimed.c.home.rushabhvg.Desktop.nuttx.apps.testing.ostest_1.o
cp setvbuf.c.home.rushabhvg.Desktop.nuttx.apps.testing.ostest.o  setvbuf.c.home.rushabhvg.Desktop.nuttx.apps.testing.ostest_1.o
cp sighand.c.home.rushabhvg.Desktop.nuttx.apps.testing.ostest.o  sighand.c.home.rushabhvg.Desktop.nuttx.apps.testing.ostest_1.o
cp sighelper.c.home.rushabhvg.Desktop.nuttx.apps.testing.ostest.o  sighelper.c.home.rushabhvg.Desktop.nuttx.apps.testing.ostest_1.o
cp signest.c.home.rushabhvg.Desktop.nuttx.apps.testing.ostest.o  signest.c.home.rushabhvg.Desktop.nuttx.apps.testing.ostest_1.o
cp sigprocmask.c.home.rushabhvg.Desktop.nuttx.apps.testing.ostest.o  sigprocmask.c.home.rushabhvg.Desktop.nuttx.apps.testing.ostest_1.o
cp timedmqueue.c.home.rushabhvg.Desktop.nuttx.apps.testing.ostest.o  timedmqueue.c.home.rushabhvg.Desktop.nuttx.apps.testing.ostest_1.o
cp timedmutex.c.home.rushabhvg.Desktop.nuttx.apps.testing.ostest.o  timedmutex.c.home.rushabhvg.Desktop.nuttx.apps.testing.ostest_1.o
cp timedwait.c.home.rushabhvg.Desktop.nuttx.apps.testing.ostest.o  timedwait.c.home.rushabhvg.Desktop.nuttx.apps.testing.ostest_1.o
cp vfork.c.home.rushabhvg.Desktop.nuttx.apps.testing.ostest.o  vfork.c.home.rushabhvg.Desktop.nuttx.apps.testing.ostest_1.o
cp waitpid.c.home.rushabhvg.Desktop.nuttx.apps.testing.ostest.o  waitpid.c.home.rushabhvg.Desktop.nuttx.apps.testing.ostest_1.o
cp wqueue.c.home.rushabhvg.Desktop.nuttx.apps.testing.ostest.o  wqueue.c.home.rushabhvg.Desktop.nuttx.apps.testing.ostest_1.o
make[2]: Leaving directory '/home/rushabhvg/Desktop/nuttx/apps/testing/ostest'
make[2]: Entering directory '/home/rushabhvg/Desktop/nuttx/apps'
make[3]: Entering directory '/home/rushabhvg/Desktop/nuttx/apps/examples/hello'
make[3]: Leaving directory '/home/rushabhvg/Desktop/nuttx/apps/examples/hello'
make[3]: Entering directory '/home/rushabhvg/Desktop/nuttx/apps/examples/hello_rust'
make[3]: Leaving directory '/home/rushabhvg/Desktop/nuttx/apps/examples/hello_rust'
make[3]: Entering directory '/home/rushabhvg/Desktop/nuttx/apps/examples/leds'
CC:  leds_main.c leds_main.c: In function 'main':
leds_main.c:239:9: warning: implicit declaration of function 'task_create'; did you mean 'nxtask_create'? [-Wimplicit-function-declaration]
  239 |   ret = task_create("led_daemon", CONFIG_EXAMPLES_LEDS_PRIORITY,
      |         ^~~~~~~~~~~
      |         nxtask_create
make[3]: Leaving directory '/home/rushabhvg/Desktop/nuttx/apps/examples/leds'
make[3]: Entering directory '/home/rushabhvg/Desktop/nuttx/apps/nshlib'
make[3]: Leaving directory '/home/rushabhvg/Desktop/nuttx/apps/nshlib'
make[3]: Entering directory '/home/rushabhvg/Desktop/nuttx/apps/platform'
make[3]: Leaving directory '/home/rushabhvg/Desktop/nuttx/apps/platform'
make[3]: Entering directory '/home/rushabhvg/Desktop/nuttx/apps/system/nsh'
make[3]: Leaving directory '/home/rushabhvg/Desktop/nuttx/apps/system/nsh'
make[3]: Entering directory '/home/rushabhvg/Desktop/nuttx/apps/system/readline'
make[3]: Leaving directory '/home/rushabhvg/Desktop/nuttx/apps/system/readline'
make[3]: Entering directory '/home/rushabhvg/Desktop/nuttx/apps/testing/getprime'
make[3]: Leaving directory '/home/rushabhvg/Desktop/nuttx/apps/testing/getprime'
make[3]: Entering directory '/home/rushabhvg/Desktop/nuttx/apps/testing/ostest'
make[3]: Leaving directory '/home/rushabhvg/Desktop/nuttx/apps/testing/ostest'
make[2]: Leaving directory '/home/rushabhvg/Desktop/nuttx/apps'
make[1]: Leaving directory '/home/rushabhvg/Desktop/nuttx/apps'
rushabhvg@rushabhvg-laptop:~/Desktop/nuttx/apps$ popd
~/Desktop/nuttx/nuttx
rushabhvg@rushabhvg-laptop:~/Desktop/nuttx/nuttx$ genromfs \
  -f initrd \
  -d ../apps/bin \
  -V "NuttXBootVol"
rushabhvg@rushabhvg-laptop:~/Desktop/nuttx/nuttx$ head -c 65536 /dev/zero >/tmp/nuttx.pad
rushabhvg@rushabhvg-laptop:~/Desktop/nuttx/nuttx$ cat nuttx.bin /tmp/nuttx.pad initrd \
  >Image
rushabhvg@rushabhvg-laptop:~/Desktop/nuttx/nuttx$ cd ../
rushabhvg@rushabhvg-laptop:~/Desktop/nuttx$ ./temu nuttx.cfg
TinyEMU Emulator for Ox64 BL808 RISC-V SBC
virtio_console_init
Patched DCACHE.IALL (Invalidate all Page Table Entries in the D-Cache) at 0x50200af0
Patched SYNC.S (Ensure that all Cache Operations are completed) at 0x50200af4
Found ECALL (Start System Timer) at 0x5020c2fc
Patched RDTIME (Read System Time) at 0x5020c302
elf_len=0
virtio_console_resize_event
ABCnx_start: Entry
uart_register: Registering /dev/console
work_start_lowpri: Starting low-priority kernel worker thread(s)
nxtask_activate: lpwork pid=1,TCB=0x50409a20
nxtask_activate: AppBringUp pid=2,TCB=0x50409fe0
{"nuttxemu":{"gpio29":0}}

bl808_gpiowrite: regaddr=0x20000938, clear=0x1000000
{"nuttxemu":{"gpio29":0}}
{"nuttxemu":{"gpio29":0}}

bl808_gpiowrite: regaddr=0x20000938, set=0x1000000
{"nuttxemu":{"gpio29":1}}

bl808_gpiowrite: regaddr=0x20000938, clear=0x1000000
{"nuttxemu":{"gpio29":0}}
nx_start_application: Starting init task: /system/bin/init
nxtask_activate: /system/bin/init pid=3,TCB=0x5040aa60
nxsig_tcbdispatch: TCB=0x50400cd8 pid=0 signo=17 code=5 value=0 masked=NO
nxtask_exit: AppBringUp pid=2,TCB=0x50409fe0

NuttShell (NSH)
nsh> nx_start: CPU0: Beginning Idle Loop

nsh> hello_rust
nxtask_activate: hello_rust pid=4,TCB=0x5040a110
nxsig_tcbdispatch: TCB=0x5040a110 pid=4 signo=0 code=0 value=0 masked=NO
Hello, Rust!!
Opening /dev/userleds
Set LED 0 to 1

bl808_gpiowrite: regaddr=0x20000938, set=0x1000000
{"nuttxemu":{"gpio29":1}}
Waiting...
Set LED 0 to 0

bl808_gpiowrite: regaddr=0x20000938, clear=0x1000000
{"nuttxemu":{"gpio29":0}}
nxsig_tcbdispatch: TCB=0x5040aa60 pid=3 signo=17 code=5 value=0 masked=NO
nxtask_exit: hello_rust pid=4,TCB=0x5040a110
nxsig_tcbdispatch: TCB=0x5040aa60 pid=3 signo=17 code=5 value=0 masked=NO
nsh> 
